token:
  - id: 1
    access_token: access-token2
    refresh_token: refresh-token2
    date_time: "2024-04-23T00:00:00+09:00[Asia/Tokyo]"
