token:
  - id: 1
    access_token: accessToken2
    refresh_token: refreshToken2
    date_time: "2024-04-14 19:48:34"
