token:
  - id: 1
    access_token: accessToken
    refresh_token: refreshToken
    date_time: "2024-04-14T19:48:34+09:00[Asia/Tokyo]"
